// Jest Snapshot v1, https://goo.gl/fbAQLP

exports[`actual 1`] = `"Types.EmptyAction<\\"SHOW_NOTIFICATION\\">"`;
