// Jest Snapshot v1, https://goo.gl/fbAQLP

exports[`should correctly assert for an array with 1 arg actual (type) should match snapshot 1`] = `"TH.EmptyAction<\\"WITH_TYPE_ONLY\\">[]"`;

exports[`should correctly assert for an array with 2 args actual (type) should match snapshot 1`] = `"(TH.EmptyAction<\\"WITH_TYPE_ONLY\\"> | TH.PayloadAction<\\"WITH_PAYLOAD\\", number>)[]"`;

exports[`should correctly assert for an array with 3 args actual (type) should match snapshot 1`] = `"(TH.EmptyAction<\\"WITH_TYPE_ONLY\\"> | TH.PayloadAction<\\"WITH_PAYLOAD\\", number> | TH.PayloadMetaAction<\\"WITH_PAYLOAD_META\\", number, string>)[]"`;

exports[`should correctly assert for an array with 4 args actual (type) should match snapshot 1`] = `"(TH.EmptyAction<\\"WITH_TYPE_ONLY\\"> | TH.PayloadAction<\\"WITH_PAYLOAD\\", number> | TH.PayloadAction<\\"WITH_MAPPED_PAYLOAD\\", number> | TH.PayloadMetaAction<\\"WITH_PAYLOAD_META\\", number, string>)[]"`;

exports[`should correctly assert for an array with 4 args actual (type) should match snapshot 2`] = `"(TH.EmptyAction<\\"WITH_TYPE_ONLY\\"> | TH.PayloadAction<\\"WITH_PAYLOAD\\", number> | TH.PayloadAction<\\"WITH_MAPPED_PAYLOAD\\", number> | TH.PayloadMetaAction<\\"WITH_PAYLOAD_META\\", number, string> | TH.PayloadMetaAction<\\"WITH_MAPPED_PAYLOAD_META\\", number, string>)[]"`;

exports[`should correctly assert type with "any" action action (type) should match snapshot 1`] = `"any"`;

exports[`should correctly assert type with "any" action action (type) should match snapshot 2`] = `"any"`;

exports[`should work with multiple action-type args isOfType([types.WITH_TYPE_ONLY, types.WITH_PAYLOAD])(mappedPayloadAction) (type) should match snapshot 1`] = `"boolean"`;

exports[`should work with multiple action-type args isOfType([types.WITH_TYPE_ONLY, types.WITH_PAYLOAD])(payloadAction) (type) should match snapshot 1`] = `"boolean"`;

exports[`should work with multiple action-type args isOfType([types.WITH_TYPE_ONLY, types.WITH_PAYLOAD])(typeOnlyAction) (type) should match snapshot 1`] = `"boolean"`;

exports[`should work with multiple action-type args isOfType([types.WITH_TYPE_ONLY, types.WITH_PAYLOAD], mappedPayloadAction) (type) should match snapshot 1`] = `"boolean"`;

exports[`should work with multiple action-type args isOfType([types.WITH_TYPE_ONLY, types.WITH_PAYLOAD], payloadAction) (type) should match snapshot 1`] = `"boolean"`;

exports[`should work with multiple action-type args isOfType([types.WITH_TYPE_ONLY, types.WITH_PAYLOAD], typeOnlyAction) (type) should match snapshot 1`] = `"boolean"`;

exports[`should work with single action-type arg isOfType([types.WITH_TYPE_ONLY])(payloadAction) (type) should match snapshot 1`] = `"boolean"`;

exports[`should work with single action-type arg isOfType([types.WITH_TYPE_ONLY])(typeOnlyAction) (type) should match snapshot 1`] = `"boolean"`;

exports[`should work with single action-type arg isOfType([types.WITH_TYPE_ONLY], payloadAction) (type) should match snapshot 1`] = `"boolean"`;

exports[`should work with single action-type arg isOfType([types.WITH_TYPE_ONLY], typeOnlyAction) (type) should match snapshot 1`] = `"boolean"`;

exports[`should work with single action-type arg isOfType(types.WITH_TYPE_ONLY)(payloadAction) (type) should match snapshot 1`] = `"boolean"`;

exports[`should work with single action-type arg isOfType(types.WITH_TYPE_ONLY)(typeOnlyAction) (type) should match snapshot 1`] = `"boolean"`;

exports[`should work with single action-type arg isOfType(types.WITH_TYPE_ONLY, payloadAction) (type) should match snapshot 1`] = `"boolean"`;

exports[`should work with single action-type arg isOfType(types.WITH_TYPE_ONLY, typeOnlyAction) (type) should match snapshot 1`] = `"boolean"`;
